Info: Start Nativelink Simulation process
Info: NativeLink has detected Verilog design -- Verilog simulation models will be used

========= EDA Simulation Settings =====================

Sim Mode              :  RTL
Family                :  cycloneii
Quartus root          :  c:/altera/81/quartus/bin/
Quartus sim root      :  c:/altera/81/quartus/eda/sim_lib
Simulation Tool       :  modelsim-altera
Simulation Language   :  verilog
Simulation Mode       :  GUI
Sim Output File       :  8X300.vo
Sim SDF file          :  8X300__verilog.sdo
Sim dir               :  simulation\modelsim

=======================================================

Info: Starting NativeLink simulation with ModelSim-Altera software
Sourced NativeLink script c:/altera/81/quartus/common/tcl/internal/nativelink/modelsim.tcl
Warning: File 8X300_run_msim_rtl_verilog.do already exists - backing up current file as 8X300_run_msim_rtl_verilog.do.bak11
Info: Spawning ModelSim-Altera Simulation software 
