--------------------------------------------------------------------------------------
Timing Analyzer Summary
--------------------------------------------------------------------------------------

Type           : Worst-case tsu
Slack          : N/A
Required Time  : None
Actual Time    : 7.164 ns
From           : I[14]
To             : decode_unit:decode_unit0|I_reg[14]
From Clock     : --
To Clock       : clk
Failed Paths   : 0

Type           : Worst-case tco
Slack          : N/A
Required Time  : None
Actual Time    : 8.846 ns
From           : PC:PC0|A_reg[1]
To             : A[1]
From Clock     : clk
To Clock       : --
Failed Paths   : 0

Type           : Worst-case th
Slack          : N/A
Required Time  : None
Actual Time    : 1.062 ns
From           : n_IV_in[2]
To             : IV_in[2]
From Clock     : --
To Clock       : clk
Failed Paths   : 0

Type           : Clock Setup: 'clk'
Slack          : N/A
Required Time  : None
Actual Time    : 135.48 MHz ( period = 7.381 ns )
From           : IO_latch:IO_latch0|altsyncram:LBA_reg[7]__1|altsyncram_vii1:auto_generated|ram_block1a0~portb_address_reg1
To             : shift_merge:shift_merge0|merge_reg[5]
From Clock     : clk
To Clock       : clk
Failed Paths   : 0

Type           : Total number of failed paths
Slack          : 
Required Time  : 
Actual Time    : 
From           : 
To             : 
From Clock     : 
To Clock       : 
Failed Paths   : 0

--------------------------------------------------------------------------------------

